{
  "scale": 0.00015171234554145485,
  "zero_point": 0.0
}
