{
  "weights": [
    [
      [
        [
          1.003921627998352, 
          2.007843255996704
        ], 
        [
          -3.0117647647857666, 
          -4.015686511993408
        ]
      ], 
      [
        [
          -5.019608020782471, 
          6.023529529571533
        ], 
        [
          -7.027451038360596, 
          7.968627452850342
        ]
      ]
    ], 
    [
      [
        [
          4.015686511993408, 
          -2.007843255996704
        ], 
        [
          3.0117647647857666, 
          -1.003921627998352
        ]
      ], 
      [
        [
          -7.968627452850342, 
          -6.023529529571533
        ], 
        [
          7.027451038360596, 
          5.019608020782471
        ]
      ]
    ]
  ]
}
