{
  "weights": [
    [
      [
        [
          0.960784912109375,
          2.0588245391845703
        ],
        [
          -3.0196075439453125,
          -3.980391502380371
        ],
        [
          4.9411773681640625,
          -6.039215087890625
        ]
      ],
      [
        [
          7.0,
          7.960784912109375
        ],
        [
          -9.058823585510254,
          -10.019607543945312
        ],
        [
          10.980392456054688,
          -11.941176414489746
        ]
      ],
      [
        [
          13.039216995239258,
          14.000001907348633
        ],
        [
          -14.960784912109375,
          -16.05882453918457
        ],
        [
          17.019607543945312,
          -17.980392456054688
        ]
      ]
    ]
  ]
}
