{
  "scale": 0.04870154336094856,
  "zero_point": 122.0
}
