{
  "scale": 0.00015181511116679758,
  "zero_point": 0.0
}
