{
  "scale": 0.0001524870313005522,
  "zero_point": 0.0
}
