{
  "scale": 0.003882720833644271,
  "zero_point": 0.0
}
