{
  "scale": 0.07756166160106659,
  "zero_point": 0.0
}
