{
  "weights": [
    [
      [
        51,
        153,
        255
      ]
    ]
  ],
  "scale": 0.0019607844296842813,
  "zero_point": 0.0
}
