{
  "scale": 0.003919127397239208,
  "zero_point": 0.0
}
