{
  "scale": 0.051219820976257324,
  "zero_point": 104.0
}
