{
  "scale": 0.00013075214519631118,
  "zero_point": 0.0
}
