{
  "scale": 0.05882352963089943,
  "zero_point": 119.0
}
