{
  "weights": [
    [
      [
        [
          1820,
          3641
        ],
        [
          -5461,
          -7282
        ],
        [
          9102,
          -10922
        ]
      ],
      [
        [
          12743,
          14563
        ],
        [
          -16384,
          -18204
        ],
        [
          20024,
          -21845
        ]
      ],
      [
        [
          23665,
          25485
        ],
        [
          -27306,
          -29126
        ],
        [
          30947,
          -32767
        ]
      ]
    ]
  ],
  "scale": [
    0.0005493331705679495
  ],
  "zero_point": 0.0,
  "min": [
    -18.0
  ],
  "max": [
    18.0
  ]
}
