{
  "scale": 0.039086975157260895,
  "zero_point": 128.0
}
