{
  "weights": [
    [
      [
        [
          1.0352935791015625,
          1.976470947265625,
          2.9568634033203125,
          3.95294189453125
        ],
        [
          -8.972549438476562,
          9.976470947265625,
          -11.011764526367188,
          11.9686279296875
        ]
      ],
      [
        [
          5.0039215087890625,
          6.023530960083008,
          7.035295486450195,
          8.01568603515625
        ],
        [
          13.027450561523438,
          -14.023529052734375,
          14.988235473632812,
          -16.0313720703125
        ]
      ]
    ]
  ]
}
