{
  "scale": 0.0038701011799275875,
  "zero_point": 0.0
}
