{
  "scale": 0.25486624240875244,
  "zero_point": 178.0
}
