{
  "scale": 0.028692100197076797,
  "zero_point": 131.0
}
