{
  "scale": 0.00015124233323149383,
  "zero_point": 0.0
}
