{
  "scale": 0.00015058962162584066,
  "zero_point": 0.0
}
