{
  "scale": 0.003052417654544115,
  "zero_point": 0.0
}
