{
  "scale": 0.007627835447904652, 
  "weights": [
    131.0, 
    262.0, 
    393.0, 
    524.0
  ]
}
