{
  "scale": 0.0001523942337371409,
  "zero_point": 0.0
}
