{
  "scale": 0.00012122748012188822,
  "zero_point": 0.0
}
