{
  "scale": 0.00014983004075475037,
  "zero_point": 0.0
}
